---
http_interactions:
- request:
    method: get
    uri: https://www.formstack.com/api/v2/form/<FORM_ID>/submission.json
    body:
      encoding: US-ASCII
      string: ''
    headers:
      Authorization:
      - Bearer <ACCESS_TOKEN>
  response:
    status:
      code: 200
      message: OK
    headers:
      Server:
      - nginx
      Date:
      - Fri, 14 Nov 2014 14:42:09 GMT
      Content-Type:
      - application/json
      Content-Length:
      - '67'
      Connection:
      - keep-alive
      P3p:
      - CP="CURa ADMa DEVa PSAo PSDo OUR BUS UNI PUR INT DEM STA PRE COM NAV OTC NOI
        DSP COR"
      Set-Cookie:
      - FormstackAdmin=jb1flm4c1vp7ilus6h8qm56le1; path=/api/; secure; HttpOnly
      Cache-Control:
      - no-cache
      X-Robots-Tag:
      - noindex, nofollow
    body:
      encoding: UTF-8
      string: '{"submissions":[],"total":0,"pages":0,"pretty_field_id":"28632401"}'
    http_version: 
  recorded_at: Fri, 14 Nov 2014 14:42:08 GMT
- request:
    method: get
    uri: https://www.formstack.com/api/v2/form/<FORM_ID>/submission.json
    body:
      encoding: US-ASCII
      string: ''
    headers:
      Authorization:
      - Bearer <ACCESS_TOKEN>
  response:
    status:
      code: 200
      message: OK
    headers:
      Server:
      - nginx
      Date:
      - Fri, 14 Nov 2014 14:42:09 GMT
      Content-Type:
      - application/json
      Content-Length:
      - '67'
      Connection:
      - keep-alive
      P3p:
      - CP="CURa ADMa DEVa PSAo PSDo OUR BUS UNI PUR INT DEM STA PRE COM NAV OTC NOI
        DSP COR"
      Set-Cookie:
      - FormstackAdmin=l744e3bhie3iktdv2gdia7kll0; path=/api/; secure; HttpOnly
      Cache-Control:
      - no-cache
      X-Robots-Tag:
      - noindex, nofollow
    body:
      encoding: UTF-8
      string: '{"submissions":[],"total":0,"pages":0,"pretty_field_id":"28632401"}'
    http_version: 
  recorded_at: Fri, 14 Nov 2014 14:42:08 GMT
- request:
    method: get
    uri: https://www.formstack.com/api/v2/form/<SUBMISSION_DETAILS_FORM_ID>/submission.json
    body:
      encoding: UTF-8
      string: page=1&per_page=1&sort=DESC
    headers:
      Authorization:
      - Bearer <ACCESS_TOKEN>
  response:
    status:
      code: 200
      message: OK
    headers:
      Server:
      - nginx
      Date:
      - Fri, 14 Nov 2014 15:12:37 GMT
      Content-Type:
      - application/json
      Content-Length:
      - '234'
      Connection:
      - keep-alive
      P3p:
      - CP="CURa ADMa DEVa PSAo PSDo OUR BUS UNI PUR INT DEM STA PRE COM NAV OTC NOI
        DSP COR"
      Set-Cookie:
      - FormstackAdmin=k76u8l65jai1e9bo0v16f291d0; path=/api/; secure; HttpOnly
      Cache-Control:
      - no-cache
      X-Robots-Tag:
      - noindex, nofollow
    body:
      encoding: UTF-8
      string: '{"submissions":[{"id":"171943139","timestamp":"2014-11-14 10:51:14","user_agent":"","remote_addr":"89.202.154.170","payment_status":"","latitude":null,"longitude":null,"read":"1"}],"total":"75","pages":75,"pretty_field_id":"28706107"}'
    http_version: 
  recorded_at: Fri, 14 Nov 2014 15:12:36 GMT
- request:
    method: get
    uri: https://www.formstack.com/api/v2/form/<SUBMISSION_DETAILS_FORM_ID>/submission.json
    body:
      encoding: UTF-8
      string: page=2&per_page=1&sort=DESC
    headers:
      Authorization:
      - Bearer <ACCESS_TOKEN>
  response:
    status:
      code: 200
      message: OK
    headers:
      Server:
      - nginx
      Date:
      - Fri, 14 Nov 2014 15:12:37 GMT
      Content-Type:
      - application/json
      Content-Length:
      - '234'
      Connection:
      - keep-alive
      P3p:
      - CP="CURa ADMa DEVa PSAo PSDo OUR BUS UNI PUR INT DEM STA PRE COM NAV OTC NOI
        DSP COR"
      Set-Cookie:
      - FormstackAdmin=4ktab7t7rug5ohgmoj4r72l0b6; path=/api/; secure; HttpOnly
      Cache-Control:
      - no-cache
      X-Robots-Tag:
      - noindex, nofollow
    body:
      encoding: UTF-8
      string: '{"submissions":[{"id":"171943131","timestamp":"2014-11-14 10:51:03","user_agent":"","remote_addr":"89.202.154.170","payment_status":"","latitude":null,"longitude":null,"read":"1"}],"total":"75","pages":75,"pretty_field_id":"28706107"}'
    http_version: 
  recorded_at: Fri, 14 Nov 2014 15:12:37 GMT
recorded_with: VCR 2.9.3
